// Jest Snapshot v1, https://goo.gl/fbAQLP

exports[`renders correctly 1`] = `
<div
  className="css-view-1dbjc4n r-WebkitOverflowScrolling-150rngu r-flexDirection-eqz5dr r-flexGrow-16y2uox r-flexShrink-1wbh5a2 r-overflowX-11yh6sk r-overflowY-1rnoaur r-transform-1sncvnh"
  onScroll={[Function]}
  onTouchMove={[Function]}
  onWheel={[Function]}
>
  <div
    className="css-view-1dbjc4n"
  />
</div>
`;
